
Added [20260825221349]
Added [20260825221350]
Added [20260825221352]
Added [20260825221354]
Added [20260825221355]
Added [20260825221357]
Added [20260825221359]
Added [20260825221400]
Added [20260825221402]
Added [20260825221404]
Added [20260825221405]
Added [20260825221407]
Added [20260825221409]
Added [20260825221410]
Added [20260825221412]
Added [20260825221414]
Added [20260825221415]
Added [20260825221417]
Added [20260825221419]
Added [20260825221420]
Added [20260825221422]
Added [20260825221424]
Added [20260825221425]
Added [20260825221427]
Added [20260825221429]
Added [20260825221430]
Added [20260825221432]
Added [20260825221434]
Added [20260825221435]
Added [20260825221437]
Added [20260825221439]
Added [20260825221440]
Added [20260825221442]
Added [20260825221444]
Added [20260825221445]
Added [20260825221447]
Added [20260825221449]
Added [20260825221450]
Added [20260825221452]
Added [20260825221454]
Added [20260825221455]
Added [20260825221457]
Added [20260825221459]
Added [20260825221500]
Added [20260825221502]
Added [20260825221504]
Added [20260825221505]
Added [20260825221507]
Added [20260825221509]
Added [20260825221510]
Added [20260825221512]
Added [20260825221514]
Added [20260825221515]
Added [20260825221517]
Added [20260825221519]
Added [20260825221520]
Added [20260825221522]
Added [20260825221524]
Added [20260825221525]
Added [20260825221527]
Added [20260825221529]
Added [20260825221530]
Added [20260825221532]
Added [20260825221534]
Added [20260825221535]
Added [20260825221537]
Added [20260825221539]
Added [20260825221540]
Added [20260825221542]
Added [20260825221544]
Added [20260825221545]
Added [20260825221547]
Added [20260825221549]
Added [20260825221550]
Added [20260825221552]
Added [20260825221554]
Added [20260825221555]
Added [20260825221557]
Added [20260825221559]
Added [20260825221600]
Added [20260825221602]
Added [20260825221604]
Added [20260825221605]
Added [20260825221607]
Added [20260825221609]
Added [20260825221610]
Added [20260825221612]
Added [20260825221614]
Added [20260825221615]
Added [20260825221617]
Added [20260825221619]
Added [20260825221620]
Added [20260825221622]
Added [20260825221624]
Added [20260825221625]
Added [20260825221627]
Added [20260825221629]
Added [20260825221630]
Added [20260825221632]
Added [20260825221634]
Added [20260825221635]
Added [20260825221637]
