2026-08-23 18:00:01,102 [INFO] [app.main] Starting application v2.4.0 on host-prod-api-01...
2026-08-23 18:00:01,145 [INFO] [app.db] Connecting to PostgreSQL database at postgres.internal:5432...
2026-08-23 18:00:01,289 [INFO] [app.db] Database connection pool established (max_connections=20).
2026-08-23 18:00:02,001 [INFO] [app.cache] Redis cache connection successful at redis.internal:6379.
2026-08-23 18:00:02,050 [INFO] [app.server] HTTP Server started, listening on http://0.0.0.0:8080
2026-08-23 18:02:15,311 [INFO] [app.http] GET /api/v1/health HTTP/1.1 200 OK - 4ms
2026-08-23 18:05:42,118 [INFO] [app.auth] User login successful: user_id=48201 ip=192.168.1.104
2026-08-23 18:08:12,654 [WARN] [app.cache] Redis key "session:48201" expired, fetching from database...
2026-08-23 18:10:04,892 [INFO] [app.http] POST /api/v1/checkout HTTP/1.1 200 OK - 142ms
2026-08-23 18:14:22,001 [WARN] [app.services.payment] Payment gateway latency high: 1420ms (threshold: 1000ms)
2026-08-23 18:15:00,105 [ERROR] [app.services.payment] Payment failed for transaction_id=tx_99238: StripeAPIError: Request timed out
Traceback (most recent call last):
  File "/app/services/payment.py", line 84, in process_payment
    response = stripe.Charge.create(amount=4999, currency="usd", source=token)
  File "/usr/local/lib/python3.11/site-packages/stripe/api_requestor.py", line 120, in request
    raise TimeoutError("Connection to API timed out after 3000ms")
TimeoutError: Connection to API timed out after 3000ms
2026-08-23 18:15:00,109 [INFO] [app.services.payment] Retrying payment transaction_id=tx_99238 (attempt 1/3)...
2026-08-23 18:15:01,400 [INFO] [app.services.payment] Payment retry successful for transaction_id=tx_99238
2026-08-23 18:22:30,512 [WARN] [app.db] Slow query detected (1230ms): SELECT * FROM orders WHERE status = 'pending' AND created_at < NOW() - INTERVAL '7 days';
2026-08-23 18:30:00,000 [INFO] [app.cron] Running scheduled task: CleanupExpiredSessionsCron
2026-08-23 18:30:00,084 [INFO] [app.cron] CleanupExpiredSessionsCron completed: 142 sessions removed.
2026-08-23 18:41:19,811 [ERROR] [app.auth] Invalid Auth Header from IP 45.33.32.156 - Possible unauthorized access attempt.
2026-08-23 18:41:20,012 [WARN] [app.middleware.rate_limit] Rate limit exceeded for IP 45.33.32.156 on endpoint /api/v1/auth/login
