2026-08-22 10:00:32 [ERROR] Database connection timed out.
2026-08-22 10:00:41 [INFO] Configuration loaded successfully.
2026-08-22 10:00:52 [INFO] Session timeout refreshed.
2026-08-22 10:01:29 [INFO] Configuration loaded successfully.
2026-08-22 10:01:37 [CRITICAL] Disk failure on /dev/sda1.
2026-08-22 10:01:52 [INFO] Session timeout refreshed.
2026-08-22 10:01:54 [WARN] API response delayed by 2000ms.
2026-08-22 10:02:20 [WARN] API response delayed by 2000ms.
2026-08-22 10:02:32 [INFO] User login successful.
2026-08-22 10:02:43 [INFO] Session timeout refreshed.
2026-08-22 10:03:22 [INFO] File upload finished.
2026-08-22 10:03:28 [INFO] User login successful.
2026-08-22 10:03:59 [INFO] Processing batch job.
2026-08-22 10:04:18 [DEBUG] Parsing JSON response body.
2026-08-22 10:04:31 [INFO] Session timeout refreshed.
2026-08-22 10:05:12 [INFO] Configuration loaded successfully.
2026-08-22 10:05:16 [INFO] File upload finished.
2026-08-22 10:05:18 [INFO] Session timeout refreshed.
2026-08-22 10:05:41 [INFO] Session timeout refreshed.
2026-08-22 10:06:14 [INFO] Service started listening on port 8080.
2026-08-22 10:06:23 [WARN] Connection retry attempt 1 of 3.
2026-08-22 10:06:41 [INFO] Processing batch job.
2026-08-22 10:06:58 [INFO] User login successful.
2026-08-22 10:07:24 [INFO] Session timeout refreshed.
2026-08-22 10:07:51 [INFO] Service started listening on port 8080.
2026-08-22 10:08:36 [INFO] User login successful.
2026-08-22 10:08:44 [WARN] Using deprecated method: getUserInfo().
2026-08-22 10:09:22 [WARN] API response delayed by 2000ms.
2026-08-22 10:09:41 [INFO] Data synchronization completed.
2026-08-22 10:09:58 [DEBUG] Parsing JSON response body.
2026-08-22 10:10:34 [INFO] Processing batch job.
2026-08-22 10:11:05 [INFO] File upload finished.
2026-08-22 10:11:43 [ERROR] Database connection timed out.
2026-08-22 10:11:48 [DEBUG] Thread pool status: 4/10 active.
2026-08-22 10:12:16 [DEBUG] Payload received: size=1024 bytes
2026-08-22 10:12:26 [INFO] Service started listening on port 8080.
2026-08-22 10:12:56 [INFO] Session timeout refreshed.
2026-08-22 10:13:07 [INFO] Data synchronization completed.
2026-08-22 10:13:32 [WARN] Disk space running low on /var/log.
2026-08-22 10:14:14 [DEBUG] Connecting to cache server...
2026-08-22 10:14:36 [DEBUG] Connecting to cache server...
2026-08-22 10:15:11 [WARN] Disk space running low on /var/log.
2026-08-22 10:15:24 [DEBUG] Parsing JSON response body.
2026-08-22 10:16:09 [WARN] Disk space running low on /var/log.
2026-08-22 10:16:36 [INFO] Session timeout refreshed.
2026-08-22 10:17:00 [INFO] Data synchronization completed.
2026-08-22 10:17:33 [WARN] Connection retry attempt 1 of 3.
2026-08-22 10:18:10 [INFO] Data synchronization completed.
2026-08-22 10:18:14 [DEBUG] Payload received: size=1024 bytes
2026-08-22 10:18:46 [INFO] User login successful.
2026-08-22 10:19:31 [CRITICAL] Emergency system shutdown initiated.
2026-08-22 10:20:01 [INFO] Configuration loaded successfully.
2026-08-22 10:20:12 [INFO] Configuration loaded successfully.
2026-08-22 10:20:28 [WARN] API response delayed by 2000ms.
2026-08-22 10:21:11 [ERROR] Network unreachable while sending payload.
2026-08-22 10:21:21 [INFO] User login successful.
2026-08-22 10:21:40 [INFO] Processing batch job.
2026-08-22 10:21:45 [DEBUG] Thread pool status: 4/10 active.
2026-08-22 10:22:15 [INFO] Session timeout refreshed.
2026-08-22 10:22:23 [INFO] File upload finished.
2026-08-22 10:23:04 [INFO] Service started listening on port 8080.
2026-08-22 10:23:25 [CRITICAL] Emergency system shutdown initiated.
2026-08-22 10:23:52 [WARN] Disk space running low on /var/log.
2026-08-22 10:24:03 [ERROR] NullPointerException at com.app.auth.LoginService(line:45)
2026-08-22 10:24:28 [DEBUG] Connecting to cache server...
2026-08-22 10:24:41 [ERROR] NullPointerException at com.app.auth.LoginService(line:45)
2026-08-22 10:24:55 [INFO] Processing batch job.
2026-08-22 10:25:19 [INFO] Session timeout refreshed.
2026-08-22 10:25:53 [INFO] File upload finished.
2026-08-22 10:26:24 [DEBUG] Parsing JSON response body.
2026-08-22 10:26:46 [INFO] Session timeout refreshed.
2026-08-22 10:27:28 [INFO] Service started listening on port 8080.
2026-08-22 10:27:29 [DEBUG] Executing query: SELECT * FROM users WHERE active=1
2026-08-22 10:28:01 [INFO] User login successful.
2026-08-22 10:28:17 [DEBUG] Connecting to cache server...
2026-08-22 10:28:36 [DEBUG] Parsing JSON response body.
2026-08-22 10:29:13 [INFO] Processing batch job.
2026-08-22 10:29:57 [INFO] Configuration loaded successfully.
2026-08-22 10:30:01 [DEBUG] Parsing JSON response body.
2026-08-22 10:30:19 [DEBUG] Thread pool status: 4/10 active.
2026-08-22 10:30:37 [INFO] Session timeout refreshed.
2026-08-22 10:30:55 [INFO] Data synchronization completed.
2026-08-22 10:31:17 [DEBUG] Executing query: SELECT * FROM users WHERE active=1
2026-08-22 10:31:31 [WARN] API response delayed by 2000ms.
2026-08-22 10:31:32 [DEBUG] Executing query: SELECT * FROM users WHERE active=1
2026-08-22 10:31:37 [WARN] Disk space running low on /var/log.
2026-08-22 10:32:07 [INFO] Configuration loaded successfully.
2026-08-22 10:32:38 [INFO] Data synchronization completed.
2026-08-22 10:32:41 [DEBUG] Payload received: size=1024 bytes
2026-08-22 10:33:12 [INFO] Configuration loaded successfully.
2026-08-22 10:33:51 [INFO] Data synchronization completed.
2026-08-22 10:34:24 [DEBUG] Parsing JSON response body.
2026-08-22 10:34:30 [INFO] Session timeout refreshed.
2026-08-22 10:34:46 [INFO] Processing batch job.
2026-08-22 10:35:12 [INFO] Data synchronization completed.
2026-08-22 10:35:39 [INFO] Data synchronization completed.
2026-08-22 10:35:45 [INFO] User login successful.
2026-08-22 10:36:30 [ERROR] Network unreachable while sending payload.
2026-08-22 10:36:35 [WARN] Using deprecated method: getUserInfo().
2026-08-22 10:36:49 [DEBUG] Parsing JSON response body.
2026-08-22 10:37:00 [INFO] Processing batch job.
2026-08-22 10:37:12 [INFO] Service started listening on port 8080.
2026-08-22 10:37:46 [INFO] Data synchronization completed.
2026-08-22 10:38:27 [INFO] Configuration loaded successfully.
2026-08-22 10:38:49 [DEBUG] Connecting to cache server...
2026-08-22 10:39:09 [DEBUG] Executing query: SELECT * FROM users WHERE active=1
2026-08-22 10:39:39 [INFO] Configuration loaded successfully.
2026-08-22 10:39:50 [INFO] Data synchronization completed.
2026-08-22 10:40:11 [INFO] Data synchronization completed.
2026-08-22 10:40:34 [INFO] User login successful.
2026-08-22 10:41:04 [CRITICAL] Primary database cluster crashed.
2026-08-22 10:41:10 [DEBUG] Executing query: SELECT * FROM users WHERE active=1
2026-08-22 10:41:32 [INFO] File upload finished.
2026-08-22 10:41:57 [INFO] User login successful.
2026-08-22 10:42:28 [DEBUG] Executing query: SELECT * FROM users WHERE active=1
2026-08-22 10:42:52 [INFO] Processing batch job.
2026-08-22 10:43:00 [ERROR] NullPointerException at com.app.auth.LoginService(line:45)
2026-08-22 10:43:41 [INFO] Configuration loaded successfully.
2026-08-22 10:43:54 [INFO] Service started listening on port 8080.
2026-08-22 10:44:38 [INFO] Session timeout refreshed.
2026-08-22 10:44:43 [WARN] Connection retry attempt 1 of 3.
2026-08-22 10:45:08 [DEBUG] Thread pool status: 4/10 active.
2026-08-22 10:45:38 [WARN] Memory usage above 80%.
2026-08-22 10:46:15 [WARN] Using deprecated method: getUserInfo().
2026-08-22 10:46:56 [INFO] Session timeout refreshed.
2026-08-22 10:47:17 [WARN] Using deprecated method: getUserInfo().
2026-08-22 10:47:31 [ERROR] Network unreachable while sending payload.
2026-08-22 10:48:01 [INFO] User login successful.
2026-08-22 10:48:22 [WARN] Connection retry attempt 1 of 3.
2026-08-22 10:48:48 [DEBUG] Executing query: SELECT * FROM users WHERE active=1
2026-08-22 10:49:16 [DEBUG] Connecting to cache server...
2026-08-22 10:49:38 [INFO] Configuration loaded successfully.
2026-08-22 10:50:21 [INFO] File upload finished.
2026-08-22 10:50:47 [WARN] Connection retry attempt 1 of 3.
2026-08-22 10:51:24 [WARN] Connection retry attempt 1 of 3.
2026-08-22 10:51:26 [INFO] File upload finished.
2026-08-22 10:52:05 [ERROR] File not found: configuration.xml
2026-08-22 10:52:27 [DEBUG] Parsing JSON response body.
2026-08-22 10:52:49 [INFO] Processing batch job.
2026-08-22 10:53:21 [INFO] Service started listening on port 8080.
2026-08-22 10:53:59 [INFO] User login successful.
2026-08-22 10:54:17 [INFO] Service started listening on port 8080.
2026-08-22 10:54:35 [WARN] Connection retry attempt 1 of 3.
2026-08-22 10:54:46 [INFO] Processing batch job.
2026-08-22 10:54:58 [DEBUG] Connecting to cache server...
2026-08-22 10:55:09 [INFO] Configuration loaded successfully.
2026-08-22 10:55:27 [DEBUG] Connecting to cache server...
2026-08-22 10:55:41 [INFO] Service started listening on port 8080.
2026-08-22 10:56:12 [WARN] API response delayed by 2000ms.
2026-08-22 10:56:13 [INFO] Data synchronization completed.
2026-08-22 10:56:32 [WARN] Using deprecated method: getUserInfo().
2026-08-22 10:57:02 [INFO] Configuration loaded successfully.
2026-08-22 10:57:07 [INFO] Configuration loaded successfully.
2026-08-22 10:57:33 [WARN] Using deprecated method: getUserInfo().
2026-08-22 10:57:48 [INFO] Processing batch job.
2026-08-22 10:58:00 [INFO] Session timeout refreshed.
2026-08-22 10:58:32 [DEBUG] Thread pool status: 4/10 active.
2026-08-22 10:59:01 [INFO] Session timeout refreshed.
2026-08-22 10:59:25 [DEBUG] Executing query: SELECT * FROM users WHERE active=1
2026-08-22 10:59:34 [DEBUG] Parsing JSON response body.
2026-08-22 11:00:03 [INFO] File upload finished.
2026-08-22 11:00:33 [WARN] API response delayed by 2000ms.
2026-08-22 11:00:55 [INFO] Session timeout refreshed.
2026-08-22 11:01:36 [INFO] Session timeout refreshed.
2026-08-22 11:02:02 [INFO] Service started listening on port 8080.
2026-08-22 11:02:27 [DEBUG] Parsing JSON response body.
2026-08-22 11:02:35 [DEBUG] Executing query: SELECT * FROM users WHERE active=1
2026-08-22 11:02:51 [DEBUG] Connecting to cache server...
2026-08-22 11:02:58 [ERROR] NullPointerException at com.app.auth.LoginService(line:45)
2026-08-22 11:03:10 [INFO] Data synchronization completed.
2026-08-22 11:03:43 [INFO] Session timeout refreshed.
2026-08-22 11:04:24 [INFO] Data synchronization completed.
2026-08-22 11:04:39 [INFO] Session timeout refreshed.
2026-08-22 11:04:52 [DEBUG] Payload received: size=1024 bytes
2026-08-22 11:05:30 [WARN] Disk space running low on /var/log.
2026-08-22 11:05:40 [WARN] Using deprecated method: getUserInfo().
2026-08-22 11:06:04 [DEBUG] Thread pool status: 4/10 active.
2026-08-22 11:06:49 [INFO] User login successful.
2026-08-22 11:07:29 [INFO] Session timeout refreshed.
2026-08-22 11:08:10 [DEBUG] Payload received: size=1024 bytes
2026-08-22 11:08:39 [DEBUG] Payload received: size=1024 bytes
2026-08-22 11:09:06 [INFO] Service started listening on port 8080.
2026-08-22 11:09:49 [DEBUG] Thread pool status: 4/10 active.
2026-08-22 11:09:59 [INFO] Configuration loaded successfully.
2026-08-22 11:10:42 [DEBUG] Payload received: size=1024 bytes
2026-08-22 11:10:43 [INFO] Service started listening on port 8080.
2026-08-22 11:10:54 [DEBUG] Parsing JSON response body.
2026-08-22 11:10:58 [INFO] File upload finished.
2026-08-22 11:11:34 [WARN] API response delayed by 2000ms.
2026-08-22 11:11:43 [INFO] User login successful.
2026-08-22 11:12:09 [DEBUG] Parsing JSON response body.
2026-08-22 11:12:48 [CRITICAL] Primary database cluster crashed.
2026-08-22 11:13:33 [INFO] Service started listening on port 8080.
2026-08-22 11:13:48 [INFO] Session timeout refreshed.
2026-08-22 11:14:11 [DEBUG] Payload received: size=1024 bytes
2026-08-22 11:14:37 [WARN] API response delayed by 2000ms.
2026-08-22 11:15:16 [INFO] File upload finished.
2026-08-22 11:15:20 [INFO] File upload finished.
2026-08-22 11:15:29 [INFO] Processing batch job.
2026-08-22 11:15:45 [DEBUG] Thread pool status: 4/10 active.
2026-08-22 11:15:46 [INFO] Session timeout refreshed.
2026-08-22 11:15:54 [ERROR] File not found: configuration.xml
2026-08-22 11:16:15 [DEBUG] Connecting to cache server...
2026-08-22 11:16:30 [DEBUG] Payload received: size=1024 bytes
2026-08-22 11:16:36 [DEBUG] Connecting to cache server...
2026-08-22 11:17:14 [DEBUG] Executing query: SELECT * FROM users WHERE active=1
2026-08-22 11:17:32 [INFO] File upload finished.
2026-08-22 11:17:49 [INFO] Session timeout refreshed.
2026-08-22 11:18:03 [INFO] Data synchronization completed.
2026-08-22 11:18:37 [DEBUG] Parsing JSON response body.
2026-08-22 11:19:18 [WARN] Connection retry attempt 1 of 3.
2026-08-22 11:19:31 [INFO] Service started listening on port 8080.
2026-08-22 11:19:57 [DEBUG] Parsing JSON response body.
2026-08-22 11:20:40 [DEBUG] Payload received: size=1024 bytes
2026-08-22 11:21:19 [ERROR] Network unreachable while sending payload.
2026-08-22 11:21:22 [DEBUG] Connecting to cache server...
2026-08-22 11:21:26 [INFO] Session timeout refreshed.
2026-08-22 11:22:07 [INFO] Service started listening on port 8080.
2026-08-22 11:22:47 [WARN] API response delayed by 2000ms.
2026-08-22 11:23:30 [INFO] Configuration loaded successfully.
2026-08-22 11:23:56 [INFO] Data synchronization completed.
2026-08-22 11:24:34 [INFO] Configuration loaded successfully.
2026-08-22 11:24:35 [DEBUG] Executing query: SELECT * FROM users WHERE active=1
2026-08-22 11:25:00 [DEBUG] Executing query: SELECT * FROM users WHERE active=1
2026-08-22 11:25:37 [INFO] Configuration loaded successfully.
2026-08-22 11:26:15 [WARN] Connection retry attempt 1 of 3.
2026-08-22 11:26:18 [INFO] Session timeout refreshed.
2026-08-22 11:26:58 [DEBUG] Connecting to cache server...
2026-08-22 11:27:40 [INFO] Session timeout refreshed.
2026-08-22 11:28:17 [DEBUG] Thread pool status: 4/10 active.
2026-08-22 11:28:56 [DEBUG] Connecting to cache server...
2026-08-22 11:29:13 [INFO] File upload finished.
2026-08-22 11:29:44 [WARN] Connection retry attempt 1 of 3.
2026-08-22 11:30:24 [INFO] Data synchronization completed.
2026-08-22 11:30:47 [INFO] Session timeout refreshed.
2026-08-22 11:31:16 [DEBUG] Thread pool status: 4/10 active.
2026-08-22 11:31:26 [INFO] Session timeout refreshed.
2026-08-22 11:32:02 [DEBUG] Executing query: SELECT * FROM users WHERE active=1
2026-08-22 11:32:22 [ERROR] File not found: configuration.xml
2026-08-22 11:32:29 [ERROR] Failed to authenticate user token.
2026-08-22 11:33:05 [INFO] File upload finished.
2026-08-22 11:33:25 [INFO] File upload finished.
2026-08-22 11:33:41 [ERROR] Network unreachable while sending payload.
2026-08-22 11:33:55 [ERROR] Network unreachable while sending payload.
2026-08-22 11:34:35 [INFO] Data synchronization completed.
2026-08-22 11:34:43 [DEBUG] Parsing JSON response body.
2026-08-22 11:34:56 [DEBUG] Payload received: size=1024 bytes
2026-08-22 11:35:37 [INFO] User login successful.
2026-08-22 11:35:55 [DEBUG] Connecting to cache server...
2026-08-22 11:36:28 [INFO] Configuration loaded successfully.
2026-08-22 11:36:40 [DEBUG] Connecting to cache server...
2026-08-22 11:37:11 [INFO] File upload finished.
2026-08-22 11:37:18 [WARN] API response delayed by 2000ms.
2026-08-22 11:37:59 [WARN] API response delayed by 2000ms.
2026-08-22 11:38:16 [INFO] Session timeout refreshed.
2026-08-22 11:38:36 [INFO] User login successful.
2026-08-22 11:38:43 [INFO] User login successful.
2026-08-22 11:39:15 [DEBUG] Executing query: SELECT * FROM users WHERE active=1
2026-08-22 11:39:45 [CRITICAL] OutOfMemoryError: Java heap space.
2026-08-22 11:40:28 [INFO] File upload finished.
2026-08-22 11:40:34 [INFO] File upload finished.
2026-08-22 11:40:40 [INFO] Configuration loaded successfully.
2026-08-22 11:41:00 [INFO] Service started listening on port 8080.
2026-08-22 11:41:27 [CRITICAL] Emergency system shutdown initiated.
2026-08-22 11:41:29 [INFO] Data synchronization completed.
2026-08-22 11:42:00 [INFO] User login successful.
2026-08-22 11:42:04 [INFO] User login successful.
2026-08-22 11:42:06 [ERROR] NullPointerException at com.app.auth.LoginService(line:45)
2026-08-22 11:42:12 [ERROR] File not found: configuration.xml
2026-08-22 11:42:41 [INFO] Service started listening on port 8080.
2026-08-22 11:43:23 [WARN] Connection retry attempt 1 of 3.
2026-08-22 11:43:30 [INFO] User login successful.
2026-08-22 11:43:32 [WARN] Disk space running low on /var/log.
2026-08-22 11:43:36 [INFO] Service started listening on port 8080.
2026-08-22 11:44:03 [INFO] Processing batch job.
2026-08-22 11:44:37 [INFO] Configuration loaded successfully.
2026-08-22 11:44:41 [DEBUG] Connecting to cache server...
2026-08-22 11:44:49 [DEBUG] Parsing JSON response body.
2026-08-22 11:45:10 [DEBUG] Thread pool status: 4/10 active.
2026-08-22 11:45:45 [INFO] Service started listening on port 8080.
2026-08-22 11:46:14 [INFO] File upload finished.
2026-08-22 11:46:39 [WARN] Memory usage above 80%.
2026-08-22 11:47:02 [INFO] Session timeout refreshed.
2026-08-22 11:47:06 [INFO] Data synchronization completed.
2026-08-22 11:47:37 [ERROR] NullPointerException at com.app.auth.LoginService(line:45)
2026-08-22 11:48:02 [INFO] User login successful.
2026-08-22 11:48:19 [INFO] Data synchronization completed.
2026-08-22 11:48:27 [DEBUG] Payload received: size=1024 bytes
2026-08-22 11:48:57 [INFO] Data synchronization completed.
2026-08-22 11:49:19 [DEBUG] Payload received: size=1024 bytes
2026-08-22 11:49:42 [INFO] User login successful.
2026-08-22 11:50:27 [INFO] User login successful.
2026-08-22 11:51:11 [INFO] Service started listening on port 8080.
2026-08-22 11:51:32 [INFO] Processing batch job.
2026-08-22 11:52:04 [DEBUG] Payload received: size=1024 bytes
2026-08-22 11:52:07 [CRITICAL] OutOfMemoryError: Java heap space.
2026-08-22 11:52:52 [INFO] Processing batch job.
2026-08-22 11:53:34 [DEBUG] Thread pool status: 4/10 active.
2026-08-22 11:53:42 [DEBUG] Parsing JSON response body.
2026-08-22 11:54:16 [INFO] File upload finished.
2026-08-22 11:54:42 [INFO] Processing batch job.
2026-08-22 11:54:50 [DEBUG] Thread pool status: 4/10 active.
2026-08-22 11:55:16 [CRITICAL] Emergency system shutdown initiated.
2026-08-22 11:55:26 [ERROR] Failed to authenticate user token.
2026-08-22 11:56:09 [INFO] Processing batch job.
2026-08-22 11:56:52 [DEBUG] Payload received: size=1024 bytes
2026-08-22 11:57:14 [INFO] Configuration loaded successfully.
2026-08-22 11:57:28 [DEBUG] Connecting to cache server...
2026-08-22 11:57:30 [ERROR] File not found: configuration.xml
2026-08-22 11:57:41 [INFO] Data synchronization completed.
2026-08-22 11:58:11 [ERROR] Failed to authenticate user token.
2026-08-22 11:58:35 [INFO] User login successful.
2026-08-22 11:59:00 [DEBUG] Parsing JSON response body.
2026-08-22 11:59:31 [INFO] Processing batch job.
2026-08-22 12:00:12 [INFO] User login successful.
2026-08-22 12:00:42 [DEBUG] Executing query: SELECT * FROM users WHERE active=1
2026-08-22 12:00:56 [INFO] Processing batch job.
2026-08-22 12:01:24 [ERROR] NullPointerException at com.app.auth.LoginService(line:45)
2026-08-22 12:01:47 [DEBUG] Thread pool status: 4/10 active.
2026-08-22 12:02:24 [DEBUG] Executing query: SELECT * FROM users WHERE active=1
2026-08-22 12:02:53 [INFO] User login successful.
2026-08-22 12:03:17 [DEBUG] Parsing JSON response body.
2026-08-22 12:03:27 [ERROR] File not found: configuration.xml
2026-08-22 12:03:45 [INFO] Configuration loaded successfully.
2026-08-22 12:04:20 [INFO] File upload finished.
2026-08-22 12:04:55 [INFO] Session timeout refreshed.
2026-08-22 12:04:58 [INFO] Session timeout refreshed.
2026-08-22 12:05:00 [INFO] Processing batch job.
2026-08-22 12:05:37 [DEBUG] Executing query: SELECT * FROM users WHERE active=1
2026-08-22 12:05:39 [WARN] Using deprecated method: getUserInfo().
2026-08-22 12:05:43 [DEBUG] Executing query: SELECT * FROM users WHERE active=1
2026-08-22 12:05:46 [ERROR] Failed to authenticate user token.
2026-08-22 12:05:50 [INFO] Service started listening on port 8080.
2026-08-22 12:06:16 [INFO] User login successful.
2026-08-22 12:06:36 [DEBUG] Payload received: size=1024 bytes
2026-08-22 12:07:18 [DEBUG] Payload received: size=1024 bytes
2026-08-22 12:07:56 [INFO] Configuration loaded successfully.
2026-08-22 12:08:37 [INFO] Session timeout refreshed.
2026-08-22 12:09:17 [CRITICAL] Emergency system shutdown initiated.
2026-08-22 12:09:20 [DEBUG] Executing query: SELECT * FROM users WHERE active=1
2026-08-22 12:09:23 [WARN] API response delayed by 2000ms.
2026-08-22 12:10:00 [DEBUG] Executing query: SELECT * FROM users WHERE active=1
2026-08-22 12:10:37 [WARN] API response delayed by 2000ms.
2026-08-22 12:10:42 [DEBUG] Connecting to cache server...
2026-08-22 12:11:05 [INFO] Configuration loaded successfully.
2026-08-22 12:11:13 [INFO] Data synchronization completed.
2026-08-22 12:11:52 [DEBUG] Thread pool status: 4/10 active.
2026-08-22 12:12:19 [INFO] Configuration loaded successfully.
2026-08-22 12:12:40 [INFO] Session timeout refreshed.
2026-08-22 12:12:53 [WARN] Using deprecated method: getUserInfo().
2026-08-22 12:13:33 [DEBUG] Payload received: size=1024 bytes
2026-08-22 12:13:55 [INFO] User login successful.
2026-08-22 12:14:33 [INFO] File upload finished.
2026-08-22 12:15:04 [ERROR] Failed to authenticate user token.
2026-08-22 12:15:26 [DEBUG] Executing query: SELECT * FROM users WHERE active=1
2026-08-22 12:15:47 [DEBUG] Connecting to cache server...
2026-08-22 12:16:11 [WARN] Memory usage above 80%.
2026-08-22 12:16:23 [INFO] Session timeout refreshed.
2026-08-22 12:16:27 [DEBUG] Payload received: size=1024 bytes
2026-08-22 12:16:44 [WARN] Connection retry attempt 1 of 3.
2026-08-22 12:17:27 [INFO] Processing batch job.
2026-08-22 12:18:00 [CRITICAL] Primary database cluster crashed.
2026-08-22 12:18:24 [WARN] Using deprecated method: getUserInfo().
2026-08-22 12:18:38 [DEBUG] Connecting to cache server...
2026-08-22 12:19:16 [INFO] Service started listening on port 8080.
2026-08-22 12:19:25 [DEBUG] Executing query: SELECT * FROM users WHERE active=1
2026-08-22 12:20:08 [INFO] Session timeout refreshed.
2026-08-22 12:20:26 [INFO] Processing batch job.
2026-08-22 12:20:28 [INFO] User login successful.
2026-08-22 12:21:02 [INFO] Processing batch job.
2026-08-22 12:21:25 [DEBUG] Connecting to cache server...
2026-08-22 12:21:38 [INFO] User login successful.
2026-08-22 12:22:00 [WARN] Memory usage above 80%.
2026-08-22 12:22:37 [INFO] Session timeout refreshed.
2026-08-22 12:22:47 [INFO] Processing batch job.
2026-08-22 12:23:30 [WARN] Memory usage above 80%.
2026-08-22 12:23:31 [WARN] Memory usage above 80%.
2026-08-22 12:24:05 [INFO] User login successful.
2026-08-22 12:24:44 [DEBUG] Parsing JSON response body.
2026-08-22 12:24:52 [DEBUG] Executing query: SELECT * FROM users WHERE active=1
2026-08-22 12:25:33 [INFO] File upload finished.
2026-08-22 12:25:39 [INFO] Service started listening on port 8080.
2026-08-22 12:26:00 [INFO] File upload finished.
2026-08-22 12:26:23 [INFO] User login successful.
2026-08-22 12:26:58 [INFO] Session timeout refreshed.
2026-08-22 12:27:09 [DEBUG] Executing query: SELECT * FROM users WHERE active=1
2026-08-22 12:27:29 [INFO] File upload finished.
2026-08-22 12:28:10 [DEBUG] Connecting to cache server...
2026-08-22 12:28:37 [INFO] Session timeout refreshed.
2026-08-22 12:28:39 [INFO] Configuration loaded successfully.
2026-08-22 12:29:04 [WARN] Disk space running low on /var/log.
2026-08-22 12:29:07 [DEBUG] Payload received: size=1024 bytes
2026-08-22 12:29:41 [DEBUG] Parsing JSON response body.
2026-08-22 12:30:11 [DEBUG] Parsing JSON response body.
2026-08-22 12:30:27 [DEBUG] Thread pool status: 4/10 active.
2026-08-22 12:30:47 [INFO] Processing batch job.
2026-08-22 12:31:24 [WARN] API response delayed by 2000ms.
2026-08-22 12:32:03 [INFO] File upload finished.
2026-08-22 12:32:24 [WARN] Memory usage above 80%.
2026-08-22 12:32:52 [DEBUG] Executing query: SELECT * FROM users WHERE active=1
2026-08-22 12:33:25 [INFO] Data synchronization completed.
2026-08-22 12:33:47 [INFO] Session timeout refreshed.
2026-08-22 12:34:03 [INFO] Processing batch job.
2026-08-22 12:34:20 [INFO] Configuration loaded successfully.
2026-08-22 12:34:35 [INFO] User login successful.
2026-08-22 12:35:04 [INFO] Session timeout refreshed.
2026-08-22 12:35:37 [DEBUG] Executing query: SELECT * FROM users WHERE active=1
2026-08-22 12:36:13 [INFO] Session timeout refreshed.
2026-08-22 12:36:36 [INFO] Service started listening on port 8080.
2026-08-22 12:36:41 [INFO] Session timeout refreshed.
2026-08-22 12:37:25 [INFO] User login successful.
2026-08-22 12:37:56 [INFO] Service started listening on port 8080.
2026-08-22 12:38:19 [INFO] Session timeout refreshed.
2026-08-22 12:38:54 [INFO] User login successful.
2026-08-22 12:39:38 [WARN] Memory usage above 80%.
2026-08-22 12:40:05 [WARN] Connection retry attempt 1 of 3.
2026-08-22 12:40:29 [DEBUG] Parsing JSON response body.
2026-08-22 12:40:49 [INFO] Service started listening on port 8080.
2026-08-22 12:41:17 [INFO] File upload finished.
2026-08-22 12:41:48 [ERROR] Network unreachable while sending payload.
2026-08-22 12:42:08 [DEBUG] Connecting to cache server...
2026-08-22 12:42:46 [INFO] Configuration loaded successfully.
2026-08-22 12:43:16 [DEBUG] Thread pool status: 4/10 active.
2026-08-22 12:44:00 [DEBUG] Parsing JSON response body.
2026-08-22 12:44:06 [INFO] Processing batch job.
2026-08-22 12:44:47 [ERROR] Network unreachable while sending payload.
2026-08-22 12:45:00 [INFO] Service started listening on port 8080.
2026-08-22 12:45:16 [DEBUG] Parsing JSON response body.
2026-08-22 12:45:53 [ERROR] NullPointerException at com.app.auth.LoginService(line:45)
2026-08-22 12:46:37 [ERROR] Database connection timed out.
2026-08-22 12:46:48 [INFO] User login successful.
2026-08-22 12:47:17 [WARN] Using deprecated method: getUserInfo().
2026-08-22 12:48:02 [INFO] File upload finished.
2026-08-22 12:48:42 [INFO] File upload finished.
2026-08-22 12:49:13 [INFO] Processing batch job.
2026-08-22 12:49:27 [DEBUG] Connecting to cache server...
2026-08-22 12:50:11 [INFO] Data synchronization completed.
2026-08-22 12:50:42 [DEBUG] Parsing JSON response body.
2026-08-22 12:51:22 [WARN] Connection retry attempt 1 of 3.
2026-08-22 12:51:38 [INFO] User login successful.
2026-08-22 12:52:16 [DEBUG] Executing query: SELECT * FROM users WHERE active=1
2026-08-22 12:52:38 [INFO] Processing batch job.
2026-08-22 12:53:16 [DEBUG] Executing query: SELECT * FROM users WHERE active=1
2026-08-22 12:53:34 [DEBUG] Connecting to cache server...
2026-08-22 12:54:09 [INFO] Processing batch job.
2026-08-22 12:54:53 [DEBUG] Parsing JSON response body.
2026-08-22 12:55:32 [INFO] Processing batch job.
2026-08-22 12:55:57 [INFO] File upload finished.
2026-08-22 12:56:12 [INFO] File upload finished.
2026-08-22 12:56:27 [ERROR] Network unreachable while sending payload.
2026-08-22 12:56:36 [INFO] Session timeout refreshed.
2026-08-22 12:56:49 [INFO] Data synchronization completed.
2026-08-22 12:56:50 [INFO] Processing batch job.
2026-08-22 12:57:33 [WARN] API response delayed by 2000ms.
2026-08-22 12:58:01 [INFO] Configuration loaded successfully.
2026-08-22 12:58:45 [ERROR] Failed to authenticate user token.
2026-08-22 12:58:54 [DEBUG] Executing query: SELECT * FROM users WHERE active=1
2026-08-22 12:59:22 [INFO] User login successful.
2026-08-22 12:59:51 [WARN] Disk space running low on /var/log.
2026-08-22 12:59:55 [INFO] Session timeout refreshed.
2026-08-22 13:00:20 [DEBUG] Executing query: SELECT * FROM users WHERE active=1
2026-08-22 13:00:56 [DEBUG] Executing query: SELECT * FROM users WHERE active=1
2026-08-22 13:01:14 [INFO] Configuration loaded successfully.
2026-08-22 13:01:45 [INFO] Processing batch job.
2026-08-22 13:02:28 [INFO] Service started listening on port 8080.
2026-08-22 13:02:59 [DEBUG] Executing query: SELECT * FROM users WHERE active=1
2026-08-22 13:03:11 [WARN] Connection retry attempt 1 of 3.
2026-08-22 13:03:39 [DEBUG] Thread pool status: 4/10 active.
2026-08-22 13:04:06 [INFO] User login successful.
2026-08-22 13:04:15 [DEBUG] Executing query: SELECT * FROM users WHERE active=1
2026-08-22 13:04:56 [DEBUG] Connecting to cache server...
2026-08-22 13:05:31 [WARN] Disk space running low on /var/log.
2026-08-22 13:06:12 [INFO] Configuration loaded successfully.
2026-08-22 13:06:30 [INFO] Configuration loaded successfully.
2026-08-22 13:06:50 [DEBUG] Parsing JSON response body.
2026-08-22 13:07:27 [DEBUG] Thread pool status: 4/10 active.
2026-08-22 13:07:55 [INFO] Data synchronization completed.
2026-08-22 13:08:30 [INFO] User login successful.
2026-08-22 13:09:03 [INFO] Service started listening on port 8080.
2026-08-22 13:09:14 [INFO] Configuration loaded successfully.
2026-08-22 13:09:28 [INFO] Session timeout refreshed.
2026-08-22 13:10:04 [INFO] Processing batch job.
2026-08-22 13:10:06 [INFO] Service started listening on port 8080.
2026-08-22 13:10:13 [INFO] User login successful.
2026-08-22 13:10:38 [INFO] Data synchronization completed.
2026-08-22 13:10:39 [INFO] Data synchronization completed.
2026-08-22 13:10:52 [INFO] User login successful.
2026-08-22 13:11:34 [INFO] User login successful.
2026-08-22 13:12:07 [ERROR] Failed to authenticate user token.
2026-08-22 13:12:43 [DEBUG] Executing query: SELECT * FROM users WHERE active=1
2026-08-22 13:12:44 [WARN] Disk space running low on /var/log.
2026-08-22 13:13:12 [INFO] Data synchronization completed.
2026-08-22 13:13:24 [INFO] Processing batch job.
2026-08-22 13:14:09 [ERROR] Network unreachable while sending payload.
2026-08-22 13:14:10 [INFO] Configuration loaded successfully.
2026-08-22 13:14:22 [INFO] File upload finished.
2026-08-22 13:14:33 [ERROR] File not found: configuration.xml
2026-08-22 13:15:16 [INFO] File upload finished.
2026-08-22 13:15:49 [WARN] Connection retry attempt 1 of 3.
2026-08-22 13:16:23 [WARN] Disk space running low on /var/log.
